['air', 'air', 'air', 'air', 'air', 'air', 'air', 'air', 'air', 'air', 'air', 'air', 'air', 'block', 'air', 'air', 'air', 'air', 'air', 'air', 'air', 'air', 'air', 'air', 'air', 'air', 'air', 'air', 'air', 'air', 'air', 'air', 'air', 'air', 'air', 'air', 'air', 'air', 'air', 'air', 'air', 'air', 'air', 'air', 'air', 'air', 'air', 'air', 'air', 'air', 'air', 'air', 'air', 'air', 'air', 'air', 'air', 'air', 'air', 'air', 'air'],
['air', 'air', 'air', 'air', 'air', 'air', 'air', 'air', 'air', 'air', 'air', 'air', 'air', 'air', 'air', 'air', 'air', 'air', 'air', 'air', 'air', 'air', 'air', 'air', 'air', 'air', 'air', 'air', 'air', 'air', 'air', 'air', 'block', 'air', 'air', 'air', 'block', 'air', 'air', 'air', 'air', 'air', 'block', 'air', 'block', 'block', 'air', 'air', 'air', 'air', 'air', 'air', 'air', 'air', 'air', 'air', 'air', 'air', 'air', 'air', 'air'],
['air', 'air', 'air', 'air', 'air', 'air', 'air', 'air', 'air', 'air', 'air', 'air', 'air', 'air', 'air', 'block', 'air', 'air', 'air', 'air', 'air', 'air', 'air', 'air', 'air', 'air', 'air', 'air', 'air', 'air', 'air', 'air', 'air', 'air', 'air', 'block', 'air', 'air', 'air', 'air', 'air', 'air', 'air', 'air', 'block', 'air', 'air', 'air', 'air', 'air', 'air', 'air', 'air', 'air', 'air', 'air', 'air', 'air', 'air', 'air', 'air'],
['air', 'air', 'air', 'air', 'air', 'air', 'air', 'air', 'air', 'air', 'air', 'block', 'air', 'air', 'air', 'air', 'air', 'air', 'air', 'air', 'block', 'block', 'air', 'air', 'air', 'block', 'air', 'air', 'air', 'air', 'air', 'air', 'air', 'air', 'air', 'air', 'air', 'air', 'air', 'air', 'air', 'air', 'air', 'block', 'air', 'air', 'block', 'air', 'air', 'air', 'air', 'air', 'air', 'air', 'air', 'air', 'air', 'air', 'air', 'air', 'air'],
['air', 'air', 'air', 'air', 'air', 'air', 'air', 'air', 'air', 'air', 'block', 'air', 'air', 'air', 'air', 'air', 'air', 'air', 'air', 'block', 'air', 'air', 'air', 'block', 'air', 'air', 'air', 'air', 'air', 'air', 'air', 'air', 'air', 'air', 'air', 'air', 'block', 'air', 'air', 'air', 'air', 'air', 'air', 'air', 'air', 'air', 'block', 'air', 'air', 'air', 'air', 'air', 'air', 'air', 'air', 'air', 'air', 'air', 'air', 'air', 'air'],
['air', 'air', 'air', 'air', 'air', 'air', 'air', 'air', 'air', 'air', 'air', 'air', 'air', 'air', 'block', 'air', 'air', 'air', 'air', 'air', 'air', 'air', 'air', 'air', 'air', 'air', 'air', 'air', 'air', 'air', 'air', 'air', 'air', 'air', 'air', 'block', 'air', 'air', 'block', 'air', 'air', 'air', 'air', 'air', 'air', 'air', 'air', 'air', 'air', 'air', 'air', 'air', 'air', 'air', 'air', 'air', 'air', 'air', 'air', 'air', 'air'],
['air', 'air', 'air', 'air', 'air', 'air', 'air', 'air', 'air', 'air', 'air', 'air', 'block', 'air', 'air', 'air', 'air', 'air', 'air', 'air', 'air', 'air', 'air', 'air', 'air', 'air', 'air', 'air', 'air', 'air', 'air', 'air', 'air', 'air', 'air', 'air', 'air', 'air', 'air', 'air', 'air', 'air', 'air', 'air', 'air', 'air', 'block', 'block', 'air', 'air', 'air', 'air', 'air', 'air', 'air', 'air', 'air', 'air', 'air', 'air', 'air'],
['air', 'air', 'air', 'air', 'air', 'air', 'air', 'air', 'air', 'air', 'air', 'air', 'air', 'air', 'air', 'air', 'air', 'air', 'air', 'air', 'air', 'air', 'air', 'air', 'air', 'air', 'air', 'air', 'air', 'air', 'air', 'air', 'air', 'air', 'air', 'air', 'air', 'air', 'air', 'air', 'air', 'block', 'air', 'air', 'air', 'air', 'air', 'air', 'air', 'air', 'air', 'air', 'air', 'air', 'air', 'air', 'air', 'air', 'air', 'air', 'air'],
['air', 'air', 'air', 'air', 'air', 'air', 'air', 'air', 'air', 'air', 'air', 'air', 'air', 'air', 'air', 'air', 'air', 'air', 'air', 'air', 'air', 'air', 'air', 'air', 'air', 'air', 'air', 'air', 'air', 'air', 'air', 'air', 'air', 'air', 'air', 'air', 'air', 'air', 'air', 'air', 'air', 'air', 'air', 'air', 'air', 'air', 'air', 'air', 'air', 'air', 'air', 'air', 'air', 'air', 'air', 'air', 'air', 'air', 'air', 'air', 'air'],
['air', 'air', 'air', 'air', 'air', 'air', 'air', 'air', 'air', 'air', 'air', 'block', 'air', 'air', 'air', 'air', 'air', 'air', 'air', 'air', 'air', 'block', 'air', 'air', 'air', 'air', 'air', 'air', 'air', 'air', 'air', 'air', 'air', 'air', 'air', 'air', 'air', 'air', 'air', 'air', 'air', 'air', 'air', 'air', 'air', 'block', 'air', 'air', 'air', 'air', 'air', 'air', 'air', 'air', 'air', 'air', 'air', 'air', 'air', 'air', 'air'],
['air', 'air', 'air', 'air', 'air', 'air', 'air', 'air', 'air', 'air', 'air', 'block', 'air', 'air', 'air', 'air', 'air', 'block', 'air', 'air', 'air', 'air', 'air', 'air', 'air', 'air', 'air', 'air', 'air', 'air', 'air', 'air', 'air', 'air', 'air', 'air', 'air', 'air', 'air', 'air', 'air', 'block', 'air', 'block', 'air', 'air', 'block', 'block', 'air', 'air', 'air', 'air', 'air', 'air', 'air', 'air', 'air', 'air', 'air', 'air', 'air'],
['air', 'air', 'air', 'air', 'air', 'air', 'air', 'air', 'air', 'air', 'air', 'block', 'air', 'air', 'air', 'block', 'block', 'air', 'air', 'air', 'air', 'air', 'air', 'air', 'air', 'air', 'air', 'air', 'air', 'air', 'air', 'air', 'air', 'air', 'air', 'air', 'block', 'air', 'block', 'air', 'block', 'air', 'block', 'air', 'air', 'air', 'air', 'air', 'air', 'air', 'air', 'air', 'air', 'air', 'air', 'air', 'air', 'air', 'air', 'air', 'air'],
['air', 'air', 'air', 'air', 'air', 'air', 'air', 'air', 'air', 'air', 'air', 'air', 'air', 'air', 'air', 'air', 'air', 'air', 'air', 'air', 'air', 'block', 'air', 'air', 'air', 'air', 'air', 'air', 'air', 'air', 'air', 'block', 'air', 'air', 'block', 'air', 'air', 'air', 'air', 'air', 'air', 'block', 'block', 'air', 'air', 'air', 'block', 'air', 'air', 'air', 'air', 'air', 'air', 'air', 'air', 'air', 'air', 'air', 'air', 'air', 'air'],
['air', 'air', 'air', 'air', 'air', 'air', 'air', 'air', 'air', 'air', 'block', 'air', 'air', 'air', 'air', 'air', 'air', 'block', 'air', 'air', 'air', 'block', 'air', 'air', 'air', 'air', 'air', 'air', 'air', 'block', 'block', 'air', 'air', 'air', 'air', 'block', 'air', 'air', 'air', 'air', 'air', 'block', 'air', 'air', 'air', 'air', 'air', 'air', 'air', 'air', 'air', 'air', 'air', 'air', 'air', 'air', 'air', 'air', 'air', 'air', 'air'],
['air', 'air', 'air', 'air', 'air', 'air', 'air', 'air', 'air', 'air', 'air', 'air', 'air', 'air', 'air', 'air', 'air', 'air', 'air', 'air', 'air', 'air', 'air', 'air', 'air', 'air', 'air', 'air', 'air', 'air', 'air', 'air', 'air', 'air', 'air', 'air', 'air', 'air', 'air', 'air', 'air', 'air', 'air', 'air', 'air', 'air', 'air', 'air', 'air', 'air', 'air', 'air', 'air', 'air', 'air', 'air', 'air', 'air', 'air', 'air', 'air'],
['air', 'air', 'air', 'air', 'air', 'air', 'air', 'air', 'air', 'air', 'air', 'air', 'air', 'air', 'air', 'air', 'air', 'block', 'air', 'air', 'air', 'air', 'block', 'air', 'air', 'air', 'air', 'air', 'air', 'air', 'air', 'air', 'air', 'air', 'air', 'air', 'air', 'block', 'air', 'air', 'air', 'air', 'air', 'air', 'air', 'air', 'air', 'air', 'air', 'air', 'air', 'air', 'air', 'air', 'air', 'air', 'air', 'air', 'air', 'air', 'air'],
['air', 'air', 'air', 'air', 'air', 'air', 'air', 'air', 'air', 'air', 'air', 'air', 'block', 'air', 'air', 'air', 'air', 'block', 'air', 'air', 'air', 'air', 'air', 'air', 'block', 'air', 'air', 'block', 'air', 'air', 'block', 'air', 'air', 'air', 'air', 'block', 'air', 'air', 'air', 'air', 'air', 'air', 'air', 'air', 'air', 'air', 'air', 'air', 'air', 'air', 'air', 'air', 'air', 'air', 'air', 'air', 'air', 'air', 'air', 'air', 'air'],
['air', 'air', 'air', 'air', 'air', 'air', 'air', 'air', 'air', 'air', 'air', 'air', 'air', 'air', 'air', 'air', 'air', 'block', 'air', 'air', 'air', 'air', 'air', 'air', 'air', 'air', 'air', 'air', 'air', 'air', 'block', 'air', 'air', 'air', 'air', 'air', 'air', 'block', 'air', 'air', 'air', 'air', 'air', 'air', 'air', 'air', 'block', 'air', 'air', 'block', 'air', 'air', 'air', 'air', 'air', 'air', 'air', 'air', 'air', 'air', 'air'],
['air', 'air', 'air', 'air', 'air', 'air', 'air', 'air', 'air', 'air', 'air', 'air', 'air', 'air', 'air', 'air', 'air', 'air', 'block', 'air', 'air', 'air', 'air', 'air', 'air', 'air', 'air', 'air', 'air', 'air', 'air', 'air', 'air', 'air', 'air', 'air', 'air', 'air', 'air', 'air', 'air', 'air', 'air', 'block', 'air', 'air', 'air', 'block', 'air', 'air', 'air', 'air', 'air', 'air', 'air', 'air', 'air', 'air', 'air', 'air', 'air'],
['air', 'air', 'air', 'air', 'air', 'air', 'air', 'air', 'air', 'air', 'air', 'air', 'air', 'air', 'block', 'air', 'air', 'air', 'air', 'air', 'block', 'air', 'air', 'air', 'air', 'air', 'air', 'air', 'air', 'air', 'air', 'air', 'air', 'air', 'air', 'air', 'air', 'block', 'air', 'air', 'air', 'air', 'air', 'block', 'air', 'air', 'block', 'block', 'air', 'air', 'air', 'air', 'air', 'air', 'air', 'air', 'air', 'air', 'air', 'air', 'air'],
['air', 'air', 'air', 'air', 'air', 'air', 'air', 'air', 'air', 'air', 'air', 'air', 'air', 'air', 'air', 'air', 'air', 'air', 'air', 'air', 'air', 'air', 'air', 'air', 'air', 'air', 'air', 'air', 'air', 'air', 'air', 'air', 'air', 'air', 'air', 'air', 'air', 'air', 'air', 'air', 'air', 'air', 'air', 'air', 'air', 'air', 'air', 'air', 'air', 'air', 'air', 'air', 'air', 'air', 'air', 'air', 'air', 'air', 'air', 'air', 'air'],
['air', 'air', 'air', 'air', 'air', 'air', 'air', 'air', 'air', 'air', 'air', 'air', 'air', 'air', 'air', 'air', 'air', 'air', 'air', 'air', 'air', 'air', 'air', 'air', 'air', 'air', 'air', 'air', 'block', 'air', 'air', 'air', 'air', 'air', 'block', 'block', 'air', 'air', 'air', 'air', 'air', 'air', 'air', 'air', 'air', 'air', 'air', 'air', 'air', 'air', 'air', 'air', 'air', 'air', 'air', 'air', 'air', 'air', 'air', 'air', 'air'],
['air', 'air', 'air', 'air', 'air', 'air', 'air', 'air', 'air', 'air', 'air', 'air', 'air', 'air', 'air', 'air', 'block', 'block', 'air', 'air', 'block', 'air', 'air', 'air', 'air', 'air', 'air', 'air', 'air', 'air', 'air', 'air', 'air', 'air', 'air', 'block', 'air', 'air', 'air', 'air', 'air', 'air', 'air', 'air', 'air', 'air', 'air', 'air', 'air', 'air', 'air', 'air', 'air', 'air', 'air', 'air', 'air', 'air', 'air', 'air', 'air'],
['air', 'air', 'air', 'air', 'air', 'air', 'air', 'air', 'air', 'air', 'air', 'air', 'air', 'air', 'air', 'air', 'air', 'block', 'air', 'air', 'air', 'air', 'air', 'air', 'air', 'air', 'air', 'air', 'air', 'block', 'air', 'air', 'air', 'air', 'air', 'air', 'block', 'air', 'air', 'air', 'air', 'air', 'air', 'block', 'air', 'air', 'block', 'air', 'air', 'air', 'air', 'air', 'air', 'air', 'air', 'air', 'air', 'air', 'air', 'air', 'air'],
['air', 'air', 'air', 'air', 'air', 'air', 'air', 'air', 'air', 'air', 'air', 'air', 'block', 'air', 'air', 'air', 'air', 'air', 'air', 'air', 'air', 'air', 'air', 'block', 'air', 'air', 'air', 'air', 'air', 'block', 'air', 'air', 'air', 'air', 'air', 'air', 'air', 'air', 'air', 'air', 'air', 'air', 'block', 'air', 'air', 'air', 'air', 'block', 'air', 'air', 'air', 'air', 'air', 'air', 'air', 'air', 'air', 'air', 'air', 'air', 'air'],
['air', 'air', 'air', 'air', 'air', 'air', 'air', 'air', 'air', 'air', 'air', 'air', 'air', 'air', 'air', 'air', 'air', 'air', 'air', 'air', 'air', 'air', 'air', 'air', 'block', 'air', 'air', 'air', 'air', 'air', 'air', 'air', 'air', 'air', 'air', 'air', 'air', 'air', 'air', 'air', 'air', 'air', 'air', 'air', 'air', 'air', 'air', 'air', 'air', 'block', 'air', 'air', 'air', 'air', 'air', 'air', 'air', 'air', 'air', 'air', 'air'],
['air', 'air', 'air', 'air', 'air', 'air', 'air', 'air', 'air', 'air', 'air', 'air', 'air', 'air', 'block', 'air', 'air', 'air', 'air', 'air', 'air', 'air', 'air', 'air', 'air', 'air', 'air', 'air', 'air', 'air', 'air', 'air', 'air', 'air', 'air', 'air', 'air', 'air', 'air', 'air', 'air', 'air', 'air', 'air', 'air', 'air', 'air', 'air', 'air', 'air', 'air', 'air', 'air', 'air', 'air', 'air', 'air', 'air', 'air', 'air', 'air'],
['air', 'air', 'air', 'air', 'air', 'air', 'air', 'air', 'air', 'air', 'air', 'air', 'air', 'air', 'air', 'block', 'air', 'block', 'air', 'air', 'air', 'air', 'air', 'block', 'air', 'air', 'air', 'air', 'air', 'air', 'air', 'air', 'air', 'air', 'air', 'block', 'air', 'air', 'air', 'air', 'block', 'block', 'block', 'air', 'air', 'air', 'air', 'air', 'air', 'air', 'air', 'air', 'air', 'air', 'air', 'air', 'air', 'air', 'air', 'air', 'air'],
['air', 'air', 'air', 'air', 'air', 'air', 'air', 'air', 'air', 'air', 'air', 'air', 'air', 'air', 'air', 'air', 'air', 'air', 'air', 'air', 'air', 'air', 'air', 'air', 'air', 'block', 'air', 'air', 'air', 'air', 'air', 'air', 'air', 'air', 'block', 'air', 'block', 'air', 'air', 'block', 'air', 'air', 'air', 'air', 'air', 'air', 'air', 'air', 'air', 'air', 'air', 'air', 'air', 'air', 'air', 'air', 'air', 'air', 'air', 'air', 'air'],
['air', 'air', 'air', 'air', 'air', 'air', 'air', 'air', 'air', 'air', 'air', 'air', 'air', 'air', 'air', 'air', 'air', 'block', 'air', 'air', 'air', 'air', 'air', 'air', 'air', 'air', 'air', 'air', 'air', 'air', 'air', 'block', 'air', 'air', 'air', 'air', 'air', 'air', 'air', 'air', 'air', 'air', 'air', 'block', 'air', 'air', 'air', 'air', 'air', 'air', 'air', 'air', 'air', 'air', 'air', 'air', 'air', 'air', 'air', 'air', 'air'],
['air', 'air', 'air', 'air', 'air', 'air', 'air', 'air', 'air', 'air', 'air', 'block', 'air', 'air', 'air', 'air', 'air', 'air', 'air', 'air', 'air', 'air', 'block', 'air', 'air', 'air', 'block', 'air', 'air', 'air', 'air', 'air', 'air', 'air', 'air', 'air', 'block', 'air', 'air', 'air', 'air', 'air', 'air', 'air', 'air', 'air', 'air', 'block', 'air', 'air', 'air', 'air', 'air', 'air', 'air', 'air', 'air', 'air', 'air', 'air', 'air'],
['air', 'air', 'air', 'air', 'air', 'air', 'air', 'air', 'air', 'air', 'air', 'air', 'air', 'air', 'air', 'air', 'air', 'air', 'air', 'air', 'air', 'air', 'air', 'air', 'air', 'air', 'air', 'air', 'air', 'air', 'air', 'block', 'air', 'air', 'air', 'air', 'air', 'air', 'air', 'air', 'air', 'air', 'air', 'air', 'air', 'air', 'air', 'air', 'air', 'air', 'air', 'air', 'air', 'air', 'air', 'air', 'air', 'air', 'air', 'air', 'air'],
['air', 'air', 'air', 'air', 'air', 'air', 'air', 'air', 'air', 'air', 'block', 'air', 'air', 'air', 'block', 'air', 'air', 'air', 'air', 'air', 'air', 'air', 'air', 'air', 'air', 'air', 'air', 'air', 'air', 'air', 'air', 'air', 'air', 'air', 'air', 'air', 'air', 'air', 'air', 'air', 'air', 'air', 'air', 'air', 'air', 'block', 'air', 'air', 'block', 'air', 'air', 'air', 'air', 'air', 'air', 'air', 'air', 'air', 'air', 'air', 'air'],
['air', 'air', 'air', 'air', 'air', 'air', 'air', 'air', 'air', 'air', 'air', 'air', 'air', 'air', 'air', 'air', 'air', 'air', 'air', 'air', 'air', 'block', 'air', 'air', 'air', 'air', 'block', 'air', 'air', 'air', 'block', 'air', 'air', 'air', 'air', 'air', 'air', 'air', 'air', 'block', 'air', 'air', 'air', 'air', 'block', 'air', 'air', 'air', 'air', 'block', 'air', 'air', 'air', 'air', 'air', 'air', 'air', 'air', 'air', 'air', 'air'],
['air', 'air', 'air', 'air', 'air', 'air', 'air', 'air', 'air', 'air', 'air', 'air', 'air', 'block', 'air', 'air', 'air', 'air', 'air', 'air', 'air', 'air', 'air', 'air', 'air', 'block', 'air', 'air', 'air', 'air', 'air', 'air', 'air', 'air', 'air', 'air', 'air', 'air', 'air', 'air', 'air', 'block', 'block', 'air', 'air', 'air', 'air', 'block', 'air', 'air', 'air', 'air', 'air', 'air', 'air', 'air', 'air', 'air', 'air', 'air', 'air'],
['air', 'air', 'air', 'air', 'air', 'air', 'air', 'air', 'air', 'air', 'block', 'air', 'air', 'air', 'air', 'air', 'air', 'air', 'air', 'air', 'air', 'air', 'air', 'air', 'air', 'air', 'air', 'air', 'air', 'air', 'air', 'air', 'air', 'block', 'air', 'air', 'air', 'air', 'air', 'air', 'air', 'block', 'air', 'block', 'air', 'air', 'block', 'air', 'air', 'air', 'air', 'air', 'air', 'air', 'air', 'air', 'air', 'air', 'air', 'air', 'air'],
['air', 'air', 'air', 'air', 'air', 'air', 'air', 'air', 'air', 'air', 'block', 'air', 'air', 'air', 'air', 'air', 'air', 'air', 'air', 'air', 'block', 'air', 'block', 'air', 'air', 'air', 'block', 'air', 'air', 'air', 'block', 'air', 'air', 'air', 'air', 'air', 'air', 'air', 'block', 'air', 'air', 'air', 'block', 'air', 'air', 'air', 'air', 'air', 'air', 'air', 'air', 'air', 'air', 'air', 'air', 'air', 'air', 'air', 'air', 'air', 'air'],
['air', 'air', 'air', 'air', 'air', 'air', 'air', 'air', 'air', 'air', 'air', 'air', 'block', 'air', 'air', 'air', 'air', 'air', 'block', 'air', 'air', 'air', 'air', 'air', 'air', 'air', 'air', 'block', 'air', 'air', 'air', 'air', 'air', 'air', 'air', 'air', 'air', 'air', 'block', 'air', 'air', 'air', 'air', 'block', 'air', 'air', 'air', 'air', 'block', 'air', 'air', 'air', 'air', 'air', 'air', 'air', 'air', 'air', 'air', 'air', 'air'],
['air', 'air', 'air', 'air', 'air', 'air', 'air', 'air', 'air', 'air', 'air', 'block', 'air', 'air', 'air', 'air', 'air', 'air', 'air', 'air', 'air', 'air', 'air', 'air', 'air', 'air', 'air', 'block', 'air', 'air', 'air', 'air', 'air', 'air', 'air', 'air', 'air', 'air', 'air', 'air', 'air', 'air', 'air', 'air', 'air', 'air', 'air', 'air', 'air', 'air', 'air', 'air', 'air', 'air', 'air', 'air', 'air', 'air', 'air', 'air', 'air'],
['air', 'air', 'air', 'air', 'air', 'air', 'air', 'air', 'air', 'air', 'air', 'air', 'air', 'air', 'air', 'air', 'air', 'air', 'air', 'air', 'air', 'air', 'air', 'air', 'air', 'air', 'air', 'air', 'block', 'air', 'air', 'air', 'air', 'air', 'air', 'air', 'air', 'air', 'block', 'air', 'air', 'air', 'air', 'air', 'air', 'air', 'air', 'block', 'air', 'air', 'air', 'air', 'air', 'air', 'air', 'air', 'air', 'air', 'air', 'air', 'air'],
['air', 'air', 'air', 'air', 'air', 'air', 'air', 'air', 'air', 'air', 'air', 'block', 'air', 'air', 'block', 'air', 'air', 'air', 'air', 'air', 'air', 'air', 'air', 'air', 'air', 'air', 'block', 'air', 'air', 'air', 'air', 'air', 'air', 'air', 'air', 'air', 'air', 'air', 'air', 'air', 'air', 'air', 'air', 'air', 'air', 'air', 'air', 'block', 'air', 'air', 'air', 'air', 'air', 'air', 'air', 'air', 'air', 'air', 'air', 'air', 'air'],
['air', 'air', 'air', 'air', 'air', 'air', 'air', 'air', 'air', 'air', 'air', 'air', 'air', 'air', 'air', 'air', 'air', 'air', 'air', 'air', 'air', 'air', 'air', 'air', 'air', 'air', 'air', 'air', 'air', 'air', 'air', 'air', 'air', 'air', 'air', 'air', 'air', 'air', 'air', 'air', 'air', 'block', 'air', 'air', 'block', 'air', 'air', 'air', 'air', 'air', 'air', 'air', 'air', 'air', 'air', 'air', 'air', 'air', 'air', 'air', 'air'],
['air', 'air', 'air', 'air', 'air', 'air', 'air', 'air', 'air', 'air', 'air', 'air', 'air', 'air', 'air', 'air', 'block', 'air', 'air', 'air', 'air', 'block', 'air', 'air', 'air', 'air', 'air', 'air', 'air', 'air', 'air', 'block', 'air', 'air', 'air', 'air', 'air', 'block', 'air', 'air', 'air', 'air', 'air', 'air', 'air', 'air', 'air', 'air', 'air', 'air', 'air', 'air', 'air', 'air', 'air', 'air', 'air', 'air', 'air', 'air', 'air'],
['air', 'air', 'air', 'air', 'air', 'air', 'air', 'air', 'air', 'air', 'block', 'air', 'air', 'air', 'air', 'air', 'air', 'air', 'air', 'air', 'air', 'air', 'air', 'air', 'air', 'air', 'air', 'block', 'air', 'air', 'air', 'air', 'block', 'block', 'air', 'air', 'air', 'air', 'air', 'block', 'air', 'air', 'air', 'air', 'air', 'air', 'block', 'air', 'air', 'air', 'air', 'air', 'air', 'air', 'air', 'air', 'air', 'air', 'air', 'air', 'air'],
['air', 'air', 'air', 'air', 'air', 'air', 'air', 'air', 'air', 'air', 'air', 'air', 'air', 'air', 'air', 'air', 'air', 'air', 'air', 'air', 'air', 'air', 'air', 'block', 'air', 'air', 'air', 'air', 'air', 'air', 'air', 'air', 'air', 'air', 'air', 'air', 'air', 'air', 'air', 'air', 'air', 'air', 'air', 'air', 'air', 'air', 'air', 'air', 'air', 'air', 'air', 'air', 'air', 'air', 'air', 'air', 'air', 'air', 'air', 'air', 'air'],
['air', 'air', 'air', 'air', 'air', 'air', 'air', 'air', 'air', 'air', 'air', 'air', 'air', 'air', 'air', 'block', 'block', 'air', 'air', 'air', 'air', 'air', 'air', 'air', 'air', 'block', 'air', 'air', 'air', 'air', 'air', 'air', 'air', 'air', 'air', 'air', 'block', 'air', 'block', 'air', 'air', 'air', 'air', 'air', 'air', 'air', 'air', 'air', 'air', 'block', 'air', 'air', 'air', 'air', 'air', 'air', 'air', 'air', 'air', 'air', 'air'],
['air', 'air', 'air', 'air', 'air', 'air', 'air', 'air', 'air', 'air', 'air', 'air', 'air', 'air', 'block', 'air', 'air', 'air', 'air', 'block', 'block', 'air', 'air', 'air', 'block', 'air', 'air', 'air', 'air', 'block', 'air', 'air', 'block', 'air', 'air', 'air', 'air', 'air', 'air', 'air', 'air', 'air', 'air', 'air', 'air', 'air', 'air', 'air', 'air', 'air', 'air', 'air', 'air', 'air', 'air', 'air', 'air', 'air', 'air', 'air', 'air'],
['air', 'air', 'air', 'air', 'air', 'air', 'air', 'air', 'air', 'air', 'air', 'air', 'air', 'air', 'air', 'air', 'air', 'air', 'block', 'block', 'air', 'air', 'air', 'air', 'air', 'block', 'air', 'air', 'air', 'air', 'air', 'air', 'air', 'air', 'air', 'air', 'air', 'air', 'air', 'air', 'block', 'air', 'air', 'air', 'air', 'air', 'air', 'air', 'air', 'block', 'air', 'air', 'air', 'air', 'air', 'air', 'air', 'air', 'air', 'air', 'air'],
['air', 'air', 'air', 'air', 'air', 'air', 'air', 'air', 'air', 'air', 'air', 'air', 'air', 'air', 'air', 'air', 'air', 'block', 'air', 'block', 'air', 'block', 'air', 'air', 'air', 'block', 'air', 'air', 'air', 'air', 'air', 'air', 'air', 'air', 'air', 'air', 'air', 'air', 'air', 'air', 'air', 'block', 'air', 'air', 'air', 'air', 'air', 'air', 'air', 'air', 'air', 'air', 'air', 'air', 'air', 'air', 'air', 'air', 'air', 'air', 'air'],
['air', 'air', 'air', 'air', 'air', 'air', 'air', 'air', 'air', 'air', 'air', 'air', 'air', 'air', 'air', 'air', 'air', 'air', 'air', 'air', 'air', 'air', 'air', 'air', 'block', 'air', 'air', 'air', 'air', 'air', 'air', 'air', 'air', 'air', 'air', 'air', 'air', 'air', 'block', 'air', 'air', 'air', 'air', 'air', 'air', 'air', 'air', 'air', 'air', 'air', 'air', 'air', 'air', 'air', 'air', 'air', 'air', 'air', 'air', 'air', 'air'],
['air', 'air', 'air', 'air', 'air', 'air', 'air', 'air', 'air', 'air', 'air', 'air', 'air', 'air', 'air', 'air', 'air', 'block', 'air', 'air', 'air', 'air', 'air', 'air', 'air', 'air', 'block', 'air', 'air', 'air', 'block', 'air', 'air', 'air', 'air', 'air', 'block', 'air', 'air', 'air', 'air', 'air', 'air', 'block', 'air', 'air', 'air', 'air', 'block', 'air', 'air', 'air', 'air', 'air', 'air', 'air', 'air', 'air', 'air', 'air', 'air'],
['air', 'air', 'air', 'air', 'air', 'air', 'air', 'air', 'air', 'air', 'air', 'air', 'air', 'air', 'air', 'air', 'air', 'air', 'air', 'air', 'air', 'air', 'air', 'air', 'air', 'air', 'air', 'air', 'air', 'air', 'air', 'air', 'air', 'air', 'air', 'air', 'air', 'air', 'block', 'air', 'air', 'air', 'air', 'block', 'air', 'air', 'air', 'air', 'air', 'block', 'air', 'air', 'air', 'air', 'air', 'air', 'air', 'air', 'air', 'air', 'air'],
['air', 'air', 'air', 'air', 'air', 'air', 'air', 'air', 'air', 'air', 'air', 'air', 'air', 'air', 'block', 'air', 'air', 'air', 'air', 'air', 'block', 'air', 'air', 'air', 'air', 'air', 'air', 'air', 'air', 'air', 'air', 'air', 'air', 'air', 'air', 'air', 'air', 'air', 'air', 'air', 'air', 'air', 'air', 'air', 'air', 'air', 'air', 'air', 'air', 'air', 'air', 'air', 'air', 'air', 'air', 'air', 'air', 'air', 'air', 'air', 'air'],
['air', 'air', 'air', 'air', 'air', 'air', 'air', 'air', 'air', 'air', 'air', 'air', 'air', 'air', 'air', 'air', 'air', 'air', 'air', 'air', 'air', 'block', 'air', 'block', 'air', 'air', 'air', 'block', 'air', 'air', 'block', 'air', 'air', 'air', 'air', 'air', 'air', 'air', 'block', 'air', 'air', 'air', 'air', 'air', 'air', 'air', 'air', 'air', 'air', 'air', 'air', 'air', 'air', 'air', 'air', 'air', 'air', 'air', 'air', 'air', 'air'],
['air', 'air', 'air', 'air', 'air', 'air', 'air', 'air', 'air', 'air', 'air', 'air', 'air', 'air', 'air', 'air', 'air', 'air', 'block', 'air', 'air', 'air', 'air', 'air', 'air', 'air', 'air', 'air', 'air', 'air', 'air', 'air', 'air', 'air', 'air', 'air', 'block', 'air', 'air', 'air', 'air', 'air', 'air', 'air', 'air', 'block', 'air', 'air', 'air', 'air', 'air', 'air', 'air', 'air', 'air', 'air', 'air', 'air', 'air', 'air', 'air'],
['air', 'air', 'air', 'air', 'air', 'air', 'air', 'air', 'air', 'air', 'air', 'air', 'block', 'air', 'block', 'air', 'air', 'air', 'air', 'block', 'air', 'air', 'air', 'air', 'air', 'air', 'air', 'air', 'air', 'block', 'air', 'air', 'air', 'air', 'air', 'air', 'air', 'air', 'air', 'air', 'air', 'air', 'air', 'air', 'air', 'air', 'air', 'air', 'block', 'air', 'air', 'air', 'air', 'air', 'air', 'air', 'air', 'air', 'air', 'air', 'air'],
['air', 'air', 'air', 'air', 'air', 'air', 'air', 'air', 'air', 'air', 'air', 'block', 'air', 'air', 'air', 'air', 'air', 'air', 'air', 'air', 'air', 'air', 'air', 'air', 'air', 'block', 'air', 'air', 'air', 'air', 'air', 'air', 'air', 'air', 'block', 'air', 'air', 'air', 'air', 'air', 'air', 'air', 'air', 'air', 'air', 'air', 'air', 'air', 'air', 'air', 'air', 'air', 'air', 'air', 'air', 'air', 'air', 'air', 'air', 'air', 'air'],
['air', 'air', 'air', 'air', 'air', 'air', 'air', 'air', 'air', 'air', 'block', 'air', 'block', 'air', 'air', 'air', 'block', 'air', 'air', 'air', 'air', 'block', 'air', 'air', 'air', 'air', 'air', 'air', 'air', 'air', 'air', 'air', 'block', 'block', 'air', 'air', 'air', 'air', 'air', 'air', 'air', 'air', 'air', 'air', 'air', 'air', 'air', 'air', 'air', 'air', 'air', 'air', 'air', 'air', 'air', 'air', 'air', 'air', 'air', 'air', 'air'],
['air', 'air', 'air', 'air', 'air', 'air', 'air', 'air', 'air', 'air', 'air', 'block', 'air', 'air', 'air', 'air', 'block', 'air', 'air', 'air', 'air', 'air', 'air', 'block', 'block', 'air', 'air', 'air', 'air', 'air', 'block', 'air', 'air', 'air', 'block', 'air', 'air', 'air', 'air', 'air', 'block', 'air', 'air', 'air', 'air', 'air', 'block', 'air', 'block', 'air', 'air', 'air', 'air', 'air', 'air', 'air', 'air', 'air', 'air', 'air', 'air'],
['air', 'air', 'air', 'air', 'air', 'air', 'air', 'air', 'air', 'air', 'air', 'air', 'air', 'air', 'air', 'air', 'air', 'air', 'air', 'block', 'air', 'air', 'air', 'block', 'air', 'air', 'air', 'air', 'air', 'air', 'air', 'air', 'air', 'air', 'air', 'block', 'block', 'air', 'air', 'air', 'block', 'air', 'air', 'air', 'air', 'block', 'air', 'air', 'air', 'air', 'air', 'air', 'air', 'air', 'air', 'air', 'air', 'air', 'air', 'air', 'air'],
['air', 'air', 'air', 'air', 'air', 'air', 'air', 'air', 'air', 'air', 'air', 'air', 'air', 'air', 'air', 'air', 'block', 'air', 'air', 'air', 'air', 'air', 'block', 'air', 'air', 'air', 'air', 'air', 'air', 'air', 'air', 'air', 'air', 'air', 'air', 'air', 'air', 'air', 'air', 'air', 'block', 'air', 'air', 'air', 'air', 'air', 'air', 'air', 'air', 'air', 'air', 'air', 'air', 'air', 'air', 'air', 'air', 'air', 'air', 'air', 'air'],
['air', 'air', 'air', 'air', 'air', 'air', 'air', 'air', 'air', 'air', 'air', 'air', 'air', 'air', 'air', 'air', 'air', 'air', 'air', 'air', 'air', 'air', 'air', 'air', 'air', 'air', 'air', 'air', 'air', 'air', 'air', 'air', 'air', 'air', 'air', 'air', 'air', 'air', 'block', 'air', 'air', 'block', 'air', 'air', 'air', 'air', 'air', 'air', 'air', 'air', 'air', 'air', 'air', 'air', 'air', 'air', 'air', 'air', 'air', 'air', 'air'],
['air', 'air', 'air', 'air', 'air', 'air', 'air', 'air', 'air', 'air', 'air', 'air', 'air', 'air', 'air', 'block', 'air', 'air', 'air', 'air', 'air', 'air', 'air', 'air', 'block', 'block', 'air', 'air', 'air', 'air', 'air', 'air', 'air', 'air', 'air', 'block', 'block', 'air', 'air', 'air', 'air', 'air', 'air', 'air', 'air', 'air', 'air', 'air', 'air', 'air', 'air', 'air', 'air', 'air', 'air', 'air', 'air', 'air', 'air', 'air', 'air'],
['air', 'air', 'air', 'air', 'air', 'air', 'air', 'air', 'air', 'air', 'air', 'air', 'air', 'air', 'air', 'air', 'block', 'air', 'air', 'air', 'air', 'block', 'air', 'air', 'air', 'air', 'air', 'air', 'air', 'air', 'air', 'block', 'air', 'block', 'air', 'air', 'block', 'air', 'air', 'air', 'air', 'air', 'air', 'air', 'air', 'air', 'air', 'air', 'air', 'air', 'air', 'air', 'air', 'air', 'air', 'air', 'air', 'air', 'air', 'air', 'air'],
['air', 'air', 'air', 'air', 'air', 'air', 'air', 'air', 'air', 'air', 'air', 'air', 'air', 'air', 'air', 'air', 'air', 'air', 'air', 'air', 'air', 'air', 'air', 'air', 'air', 'air', 'air', 'air', 'block', 'air', 'air', 'air', 'air', 'air', 'air', 'air', 'air', 'air', 'air', 'air', 'air', 'air', 'air', 'air', 'air', 'air', 'air', 'air', 'air', 'air', 'air', 'air', 'air', 'air', 'air', 'air', 'air', 'air', 'air', 'air', 'air'],
['air', 'air', 'air', 'air', 'air', 'air', 'air', 'air', 'air', 'air', 'air', 'air', 'block', 'air', 'air', 'air', 'air', 'air', 'air', 'air', 'air', 'air', 'air', 'air', 'air', 'air', 'air', 'air', 'air', 'air', 'air', 'air', 'air', 'air', 'air', 'air', 'air', 'air', 'air', 'air', 'air', 'air', 'air', 'air', 'air', 'air', 'block', 'air', 'air', 'air', 'air', 'air', 'air', 'air', 'air', 'air', 'air', 'air', 'air', 'air', 'air'],
['air', 'air', 'air', 'air', 'air', 'air', 'air', 'air', 'air', 'air', 'air', 'air', 'air', 'air', 'air', 'air', 'air', 'air', 'air', 'air', 'block', 'air', 'air', 'air', 'air', 'air', 'air', 'air', 'block', 'air', 'air', 'air', 'air', 'air', 'air', 'air', 'air', 'air', 'air', 'block', 'air', 'air', 'air', 'air', 'air', 'block', 'air', 'air', 'air', 'air', 'air', 'air', 'air', 'air', 'air', 'air', 'air', 'air', 'air', 'air', 'air'],
['air', 'air', 'air', 'air', 'air', 'air', 'air', 'air', 'air', 'air', 'air', 'air', 'air', 'air', 'air', 'air', 'air', 'air', 'air', 'air', 'air', 'air', 'air', 'block', 'air', 'air', 'block', 'air', 'air', 'air', 'air', 'air', 'air', 'air', 'air', 'air', 'air', 'block', 'air', 'air', 'air', 'air', 'air', 'air', 'air', 'air', 'air', 'air', 'air', 'air', 'air', 'air', 'air', 'air', 'air', 'air', 'air', 'air', 'air', 'air', 'air'],
['air', 'air', 'air', 'air', 'air', 'air', 'air', 'air', 'air', 'air', 'air', 'air', 'air', 'air', 'air', 'air', 'air', 'air', 'air', 'block', 'air', 'block', 'air', 'air', 'air', 'air', 'air', 'air', 'air', 'air', 'air', 'air', 'air', 'air', 'air', 'air', 'air', 'block', 'air', 'air', 'air', 'air', 'air', 'air', 'air', 'air', 'air', 'block', 'air', 'air', 'air', 'air', 'air', 'air', 'air', 'air', 'air', 'air', 'air', 'air', 'air'],
['air', 'air', 'air', 'air', 'air', 'air', 'air', 'air', 'air', 'air', 'air', 'block', 'air', 'air', 'air', 'air', 'air', 'air', 'air', 'air', 'air', 'air', 'air', 'air', 'air', 'air', 'air', 'air', 'air', 'air', 'air', 'air', 'block', 'air', 'air', 'air', 'air', 'air', 'block', 'air', 'air', 'air', 'air', 'air', 'block', 'air', 'air', 'air', 'air', 'air', 'air', 'air', 'air', 'air', 'air', 'air', 'air', 'air', 'air', 'air', 'air'],
['air', 'air', 'air', 'air', 'air', 'air', 'air', 'air', 'air', 'air', 'air', 'air', 'air', 'air', 'air', 'air', 'air', 'block', 'air', 'air', 'air', 'air', 'block', 'air', 'air', 'air', 'air', 'air', 'air', 'air', 'air', 'air', 'air', 'air', 'air', 'air', 'air', 'air', 'air', 'block', 'air', 'air', 'air', 'air', 'air', 'air', 'air', 'block', 'air', 'air', 'air', 'air', 'air', 'air', 'air', 'air', 'air', 'air', 'air', 'air', 'air'],
['air', 'air', 'air', 'air', 'air', 'air', 'air', 'air', 'air', 'air', 'air', 'air', 'air', 'air', 'air', 'air', 'block', 'air', 'air', 'block', 'air', 'air', 'air', 'air', 'air', 'air', 'air', 'block', 'air', 'air', 'air', 'air', 'air', 'air', 'air', 'air', 'block', 'air', 'block', 'air', 'air', 'air', 'air', 'air', 'air', 'air', 'air', 'air', 'air', 'air', 'air', 'air', 'air', 'air', 'air', 'air', 'air', 'air', 'air', 'air', 'air'],
['air', 'air', 'air', 'air', 'air', 'air', 'air', 'air', 'air', 'air', 'air', 'air', 'air', 'air', 'air', 'air', 'air', 'block', 'air', 'air', 'air', 'air', 'air', 'air', 'air', 'air', 'air', 'air', 'air', 'air', 'air', 'air', 'air', 'block', 'air', 'air', 'air', 'block', 'air', 'air', 'air', 'air', 'air', 'air', 'air', 'air', 'air', 'air', 'air', 'air', 'air', 'air', 'air', 'air', 'air', 'air', 'air', 'air', 'air', 'air', 'air'],
['air', 'air', 'air', 'air', 'air', 'air', 'air', 'air', 'air', 'air', 'air', 'air', 'air', 'air', 'air', 'air', 'air', 'air', 'block', 'air', 'air', 'air', 'block', 'air', 'air', 'air', 'air', 'air', 'air', 'air', 'air', 'air', 'air', 'air', 'air', 'air', 'air', 'air', 'air', 'block', 'block', 'block', 'air', 'block', 'block', 'air', 'air', 'air', 'air', 'air', 'air', 'air', 'air', 'air', 'air', 'air', 'air', 'air', 'air', 'air', 'air'],
['air', 'air', 'air', 'air', 'air', 'air', 'air', 'air', 'air', 'air', 'air', 'air', 'air', 'block', 'air', 'air', 'air', 'air', 'air', 'air', 'air', 'air', 'block', 'air', 'air', 'air', 'block', 'air', 'air', 'air', 'air', 'air', 'block', 'air', 'air', 'air', 'air', 'air', 'air', 'air', 'air', 'air', 'air', 'air', 'air', 'air', 'air', 'block', 'air', 'air', 'air', 'air', 'air', 'air', 'air', 'air', 'air', 'air', 'air', 'air', 'air'],
['air', 'air', 'air', 'air', 'air', 'air', 'air', 'air', 'air', 'air', 'block', 'air', 'air', 'air', 'air', 'air', 'air', 'air', 'air', 'air', 'air', 'air', 'block', 'air', 'air', 'air', 'air', 'air', 'air', 'air', 'air', 'air', 'air', 'air', 'air', 'air', 'air', 'air', 'block', 'air', 'air', 'air', 'air', 'air', 'air', 'air', 'air', 'air', 'air', 'air', 'air', 'air', 'air', 'air', 'air', 'air', 'air', 'air', 'air', 'air', 'air'],
['air', 'air', 'air', 'air', 'air', 'air', 'air', 'air', 'air', 'air', 'block', 'air', 'air', 'block', 'air', 'air', 'air', 'air', 'air', 'block', 'air', 'air', 'block', 'air', 'air', 'air', 'air', 'air', 'air', 'air', 'air', 'air', 'air', 'air', 'air', 'air', 'air', 'air', 'air', 'air', 'air', 'air', 'air', 'air', 'air', 'air', 'air', 'air', 'air', 'air', 'air', 'air', 'air', 'air', 'air', 'air', 'air', 'air', 'air', 'air', 'air'],
['air', 'air', 'air', 'air', 'air', 'air', 'air', 'air', 'air', 'air', 'block', 'air', 'air', 'air', 'air', 'block', 'air', 'block', 'block', 'air', 'air', 'air', 'air', 'block', 'air', 'air', 'air', 'air', 'air', 'air', 'air', 'air', 'air', 'air', 'block', 'air', 'air', 'air', 'air', 'air', 'air', 'block', 'air', 'air', 'block', 'air', 'air', 'air', 'block', 'air', 'air', 'air', 'air', 'air', 'air', 'air', 'air', 'air', 'air', 'air', 'air'],
['air', 'air', 'air', 'air', 'air', 'air', 'air', 'air', 'air', 'air', 'block', 'air', 'air', 'air', 'air', 'air', 'air', 'air', 'air', 'air', 'air', 'air', 'air', 'air', 'air', 'air', 'block', 'block', 'air', 'air', 'air', 'air', 'air', 'air', 'air', 'air', 'air', 'block', 'air', 'air', 'air', 'air', 'air', 'air', 'air', 'block', 'air', 'air', 'air', 'air', 'air', 'air', 'air', 'air', 'air', 'air', 'air', 'air', 'air', 'air', 'air'],
['air', 'air', 'air', 'air', 'air', 'air', 'air', 'air', 'air', 'air', 'air', 'air', 'air', 'air', 'air', 'air', 'air', 'air', 'air', 'air', 'air', 'air', 'air', 'air', 'air', 'air', 'air', 'air', 'air', 'air', 'air', 'air', 'air', 'air', 'air', 'air', 'air', 'air', 'air', 'block', 'air', 'air', 'air', 'air', 'air', 'air', 'air', 'air', 'air', 'air', 'air', 'air', 'air', 'air', 'air', 'air', 'air', 'air', 'air', 'air', 'air'],
['air', 'air', 'air', 'air', 'air', 'air', 'air', 'air', 'air', 'air', 'air', 'air', 'block', 'air', 'air', 'block', 'air', 'air', 'air', 'air', 'air', 'air', 'air', 'air', 'block', 'air', 'air', 'air', 'air', 'air', 'block', 'air', 'air', 'air', 'air', 'air', 'air', 'air', 'air', 'air', 'air', 'air', 'air', 'air', 'air', 'air', 'block', 'air', 'air', 'air', 'air', 'air', 'air', 'air', 'air', 'air', 'air', 'air', 'air', 'air', 'air'],
['air', 'air', 'air', 'air', 'air', 'air', 'air', 'air', 'air', 'air', 'air', 'air', 'air', 'air', 'air', 'air', 'air', 'air', 'air', 'air', 'air', 'air', 'air', 'air', 'air', 'air', 'air', 'air', 'air', 'air', 'block', 'air', 'block', 'air', 'air', 'air', 'air', 'air', 'air', 'block', 'air', 'air', 'air', 'air', 'air', 'air', 'air', 'air', 'air', 'air', 'air', 'air', 'air', 'air', 'air', 'air', 'air', 'air', 'air', 'air', 'air'],
['air', 'air', 'air', 'air', 'air', 'air', 'air', 'air', 'air', 'air', 'air', 'air', 'air', 'air', 'air', 'air', 'air', 'air', 'air', 'air', 'air', 'air', 'air', 'air', 'air', 'air', 'block', 'air', 'air', 'air', 'block', 'block', 'air', 'air', 'air', 'air', 'air', 'air', 'block', 'air', 'air', 'air', 'air', 'air', 'air', 'air', 'air', 'air', 'air', 'air', 'air', 'air', 'air', 'air', 'air', 'air', 'air', 'air', 'air', 'air', 'air'],
['air', 'air', 'air', 'air', 'air', 'air', 'air', 'air', 'air', 'air', 'air', 'air', 'block', 'air', 'air', 'air', 'air', 'block', 'block', 'air', 'air', 'air', 'air', 'air', 'air', 'air', 'air', 'air', 'air', 'air', 'air', 'air', 'air', 'air', 'block', 'air', 'air', 'air', 'air', 'air', 'air', 'air', 'air', 'air', 'air', 'air', 'air', 'air', 'air', 'air', 'air', 'air', 'air', 'air', 'air', 'air', 'air', 'air', 'air', 'air', 'air'],
['air', 'air', 'air', 'air', 'air', 'air', 'air', 'air', 'air', 'air', 'air', 'air', 'air', 'air', 'air', 'air', 'air', 'air', 'air', 'air', 'air', 'air', 'air', 'air', 'air', 'air', 'air', 'air', 'air', 'air', 'air', 'air', 'air', 'air', 'air', 'air', 'air', 'block', 'air', 'air', 'air', 'air', 'air', 'air', 'air', 'air', 'air', 'air', 'air', 'air', 'air', 'air', 'air', 'air', 'air', 'air', 'air', 'air', 'air', 'air', 'air'],
['air', 'air', 'air', 'air', 'air', 'air', 'air', 'air', 'air', 'air', 'air', 'air', 'air', 'air', 'air', 'air', 'air', 'block', 'air', 'air', 'air', 'air', 'air', 'air', 'air', 'air', 'air', 'air', 'air', 'air', 'air', 'air', 'air', 'air', 'air', 'air', 'air', 'air', 'air', 'air', 'air', 'air', 'air', 'air', 'air', 'air', 'air', 'block', 'air', 'block', 'air', 'air', 'air', 'air', 'air', 'air', 'air', 'air', 'air', 'air', 'air'],
['air', 'air', 'air', 'air', 'air', 'air', 'air', 'air', 'air', 'air', 'air', 'air', 'air', 'air', 'air', 'air', 'air', 'air', 'air', 'air', 'air', 'air', 'air', 'air', 'air', 'air', 'air', 'air', 'air', 'block', 'air', 'air', 'air', 'air', 'air', 'air', 'air', 'air', 'air', 'air', 'air', 'air', 'air', 'air', 'air', 'air', 'air', 'air', 'air', 'block', 'air', 'air', 'air', 'air', 'air', 'air', 'air', 'air', 'air', 'air', 'air'],
['air', 'air', 'air', 'air', 'air', 'air', 'air', 'air', 'air', 'air', 'air', 'air', 'air', 'air', 'block', 'air', 'air', 'block', 'air', 'air', 'air', 'air', 'air', 'air', 'air', 'air', 'air', 'air', 'air', 'air', 'air', 'air', 'air', 'air', 'air', 'air', 'air', 'air', 'air', 'air', 'air', 'air', 'block', 'air', 'block', 'air', 'air', 'air', 'block', 'air', 'air', 'air', 'air', 'air', 'air', 'air', 'air', 'air', 'air', 'air', 'air'],
['air', 'air', 'air', 'air', 'air', 'air', 'air', 'air', 'air', 'air', 'air', 'air', 'air', 'air', 'air', 'air', 'air', 'block', 'air', 'air', 'air', 'air', 'air', 'air', 'air', 'air', 'air', 'air', 'air', 'air', 'air', 'air', 'air', 'air', 'air', 'air', 'air', 'air', 'air', 'air', 'air', 'air', 'air', 'air', 'air', 'air', 'air', 'air', 'air', 'block', 'air', 'air', 'air', 'air', 'air', 'air', 'air', 'air', 'air', 'air', 'air'],
['air', 'air', 'air', 'air', 'air', 'air', 'air', 'air', 'air', 'air', 'air', 'air', 'air', 'air', 'air', 'air', 'air', 'air', 'air', 'air', 'air', 'air', 'air', 'air', 'air', 'air', 'air', 'air', 'air', 'air', 'block', 'air', 'air', 'block', 'air', 'air', 'air', 'air', 'air', 'air', 'air', 'air', 'block', 'air', 'air', 'air', 'air', 'block', 'air', 'air', 'air', 'air', 'air', 'air', 'air', 'air', 'air', 'air', 'air', 'air', 'air'],
['air', 'air', 'air', 'air', 'air', 'air', 'air', 'air', 'air', 'air', 'air', 'air', 'air', 'block', 'block', 'air', 'air', 'air', 'air', 'air', 'air', 'air', 'air', 'air', 'air', 'air', 'air', 'air', 'air', 'air', 'air', 'air', 'block', 'air', 'air', 'air', 'air', 'block', 'air', 'air', 'air', 'air', 'air', 'air', 'air', 'air', 'air', 'air', 'air', 'air', 'air', 'air', 'air', 'air', 'air', 'air', 'air', 'air', 'air', 'air', 'air'],
['air', 'air', 'air', 'air', 'air', 'air', 'air', 'air', 'air', 'air', 'block', 'air', 'air', 'block', 'block', 'air', 'air', 'air', 'air', 'air', 'air', 'air', 'air', 'air', 'air', 'air', 'air', 'air', 'air', 'air', 'air', 'air', 'air', 'air', 'air', 'air', 'air', 'air', 'air', 'air', 'air', 'block', 'air', 'air', 'air', 'air', 'block', 'air', 'air', 'air', 'air', 'air', 'air', 'air', 'air', 'air', 'air', 'air', 'air', 'air', 'air'],
['air', 'air', 'air', 'air', 'air', 'air', 'air', 'air', 'air', 'air', 'air', 'air', 'air', 'air', 'air', 'air', 'block', 'air', 'air', 'air', 'air', 'air', 'air', 'air', 'air', 'air', 'air', 'air', 'air', 'air', 'air', 'air', 'air', 'air', 'air', 'air', 'air', 'air', 'air', 'air', 'air', 'air', 'air', 'air', 'air', 'air', 'air', 'air', 'air', 'air', 'air', 'air', 'air', 'air', 'air', 'air', 'air', 'air', 'air', 'air', 'air'],
['air', 'air', 'air', 'air', 'air', 'air', 'air', 'air', 'air', 'air', 'air', 'air', 'air', 'air', 'air', 'air', 'air', 'air', 'block', 'block', 'air', 'air', 'air', 'air', 'air', 'air', 'air', 'air', 'air', 'air', 'air', 'air', 'air', 'air', 'air', 'block', 'block', 'air', 'air', 'air', 'air', 'air', 'air', 'air', 'air', 'air', 'air', 'block', 'air', 'block', 'air', 'air', 'air', 'air', 'air', 'air', 'air', 'air', 'air', 'air', 'air'],
['air', 'air', 'air', 'air', 'air', 'air', 'air', 'air', 'air', 'air', 'air', 'air', 'air', 'air', 'air', 'block', 'air', 'air', 'air', 'block', 'block', 'air', 'air', 'air', 'air', 'block', 'air', 'air', 'air', 'air', 'air', 'air', 'air', 'air', 'air', 'air', 'air', 'air', 'block', 'air', 'air', 'air', 'air', 'block', 'air', 'air', 'air', 'air', 'air', 'air', 'air', 'air', 'air', 'air', 'air', 'air', 'air', 'air', 'air', 'air', 'air'],
['air', 'air', 'air', 'air', 'air', 'air', 'air', 'air', 'air', 'air', 'air', 'air', 'air', 'air', 'air', 'block', 'air', 'air', 'air', 'air', 'air', 'air', 'air', 'air', 'air', 'air', 'block', 'air', 'air', 'air', 'air', 'block', 'block', 'air', 'air', 'air', 'air', 'air', 'air', 'block', 'air', 'air', 'air', 'air', 'air', 'air', 'air', 'air', 'air', 'air', 'air', 'air', 'air', 'air', 'air', 'air', 'air', 'air', 'air', 'air', 'air'],
['air', 'air', 'air', 'air', 'air', 'air', 'air', 'air', 'air', 'air', 'air', 'air', 'air', 'air', 'air', 'air', 'air', 'air', 'air', 'air', 'air', 'air', 'air', 'air', 'air', 'air', 'air', 'air', 'air', 'air', 'air', 'air', 'air', 'air', 'air', 'air', 'air', 'air', 'block', 'air', 'air', 'air', 'air', 'air', 'air', 'air', 'air', 'air', 'air', 'air', 'air', 'air', 'air', 'air', 'air', 'air', 'air', 'air', 'air', 'air', 'air'],
['air', 'air', 'air', 'air', 'air', 'air', 'air', 'air', 'air', 'air', 'air', 'air', 'air', 'air', 'air', 'air', 'air', 'air', 'air', 'air', 'air', 'air', 'air', 'air', 'air', 'air', 'air', 'air', 'block', 'air', 'air', 'air', 'air', 'air', 'air', 'air', 'air', 'air', 'air', 'air', 'air', 'air', 'air', 'air', 'air', 'air', 'air', 'air', 'air', 'air', 'air', 'air', 'air', 'air', 'air', 'air', 'air', 'air', 'air', 'air', 'air'],
['air', 'air', 'air', 'air', 'air', 'air', 'air', 'air', 'air', 'air', 'air', 'air', 'air', 'air', 'air', 'air', 'air', 'air', 'air', 'block', 'air', 'air', 'air', 'air', 'air', 'air', 'air', 'air', 'air', 'air', 'air', 'air', 'block', 'air', 'air', 'air', 'air', 'air', 'air', 'air', 'air', 'air', 'air', 'air', 'air', 'air', 'air', 'air', 'air', 'air', 'air', 'air', 'air', 'air', 'air', 'air', 'air', 'air', 'air', 'air', 'air'],
['air', 'air', 'air', 'air', 'air', 'air', 'air', 'air', 'air', 'air', 'air', 'air', 'air', 'air', 'air', 'block', 'air', 'air', 'air', 'block', 'air', 'air', 'air', 'air', 'air', 'air', 'air', 'block', 'air', 'air', 'block', 'block', 'air', 'air', 'block', 'air', 'air', 'air', 'block', 'air', 'air', 'air', 'block', 'air', 'air', 'air', 'air', 'block', 'air', 'air', 'air', 'air', 'air', 'air', 'air', 'air', 'air', 'air', 'air', 'air', 'air'],
['trap', 'trap', 'trap', 'trap', 'trap', 'trap', 'trap', 'trap', 'trap', 'trap', 'trap', 'trap', 'trap', 'trap', 'trap', 'trap', 'trap', 'trap', 'trap', 'trap', 'trap', 'trap', 'trap', 'trap', 'trap', 'trap', 'trap', 'trap', 'trap', 'trap', 'trap', 'trap', 'trap', 'trap', 'trap', 'trap', 'trap', 'trap', 'trap', 'trap', 'trap', 'trap', 'trap', 'trap', 'trap', 'trap', 'trap', 'trap', 'trap', 'trap', 'trap', 'trap', 'trap', 'trap', 'trap', 'trap', 'trap', 'trap', 'trap', 'trap'],
['block', 'block', 'block', 'block', 'block', 'block', 'block', 'block', 'block', 'block', 'block', 'block', 'block', 'block', 'block', 'block', 'block', 'block', 'block', 'block', 'block', 'block', 'block', 'block', 'block', 'block', 'block', 'block', 'block', 'block', 'block', 'block', 'block', 'block', 'block', 'block', 'block', 'block', 'block', 'block', 'block', 'block', 'block', 'block', 'block', 'block', 'block', 'block', 'block', 'block', 'block', 'block', 'block', 'block', 'block', 'block', 'block', 'block', 'block', 'block'],
